// Jest Snapshot v1, https://goo.gl/fbAQLP

exports[`app menu MenyBuilder tests when MenyBuilder created properly when menu from buildDarwinTemplate was created should match a snapshot 1`] = `
Array [
  Object {
    "label": "Deskreen",
    "submenu": Array [
      Object {
        "label": undefined,
        "selector": "orderFrontStandardAboutPanel:",
      },
      Object {
        "type": "separator",
      },
      Object {
        "accelerator": "Command+H",
        "label": undefined,
        "selector": "hide:",
      },
      Object {
        "accelerator": "Command+Shift+H",
        "label": undefined,
        "selector": "hideOtherApplications:",
      },
      Object {
        "label": undefined,
        "selector": "unhideAllApplications:",
      },
      Object {
        "type": "separator",
      },
      Object {
        "accelerator": "Command+Q",
        "click": [Function],
        "label": undefined,
      },
    ],
  },
  Object {
    "label": undefined,
    "submenu": Array [
      Object {
        "accelerator": "Command+Z",
        "label": undefined,
        "selector": "undo:",
      },
      Object {
        "accelerator": "Shift+Command+Z",
        "label": undefined,
        "selector": "redo:",
      },
      Object {
        "type": "separator",
      },
      Object {
        "accelerator": "Command+X",
        "label": undefined,
        "selector": "cut:",
      },
      Object {
        "accelerator": "Command+C",
        "label": undefined,
        "selector": "copy:",
      },
      Object {
        "accelerator": "Command+V",
        "label": undefined,
        "selector": "paste:",
      },
      Object {
        "accelerator": "Command+A",
        "label": undefined,
        "selector": "selectAll:",
      },
    ],
  },
  Object {
    "label": "View",
    "submenu": Array [
      Object {
        "accelerator": "Ctrl+Command+F",
        "click": [Function],
        "label": undefined,
      },
    ],
  },
  Object {
    "label": undefined,
    "submenu": Array [
      Object {
        "accelerator": "Command+M",
        "label": undefined,
        "selector": "performMiniaturize:",
      },
      Object {
        "accelerator": "Command+W",
        "label": undefined,
        "selector": "performClose:",
      },
      Object {
        "type": "separator",
      },
      Object {
        "label": undefined,
        "selector": "arrangeInFront:",
      },
    ],
  },
  Object {
    "label": undefined,
    "submenu": Array [
      Object {
        "click": [Function],
        "label": undefined,
      },
      Object {
        "click": [Function],
        "label": undefined,
      },
      Object {
        "click": [Function],
        "label": undefined,
      },
      Object {
        "click": [Function],
        "label": undefined,
      },
    ],
  },
]
`;
